Archive member included to satisfy reference by file (symbol)

c:/program files (x86)/atmel/studio/7.0/toolchain/avr8/avr8-gnu-toolchain/bin/../lib/gcc/avr/5.4.0/avr5\libgcc.a(_exit.o)
                              C:/Program Files (x86)/Atmel/Studio/7.0/Packs/atmel/ATmega_DFP/1.2.150/gcc/dev/atmega32u4/avr5/crtatmega32u4.o (exit)
c:/program files (x86)/atmel/studio/7.0/toolchain/avr8/avr8-gnu-toolchain/bin/../lib/gcc/avr/5.4.0/avr5\libgcc.a(_copy_data.o)
                              lab6.o (__do_copy_data)
c:/program files (x86)/atmel/studio/7.0/toolchain/avr8/avr8-gnu-toolchain/bin/../lib/gcc/avr/5.4.0/avr5\libgcc.a(_clear_bss.o)
                              lab6.o (__do_clear_bss)
c:/program files (x86)/atmel/studio/7.0/toolchain/avr8/avr8-gnu-toolchain/bin/../lib/gcc/avr/5.4.0/avr5\libgcc.a(_umulhisi3.o)
                              motor/motor.o (__umulhisi3)
c:/program files (x86)/atmel/studio/7.0/toolchain/avr8/avr8-gnu-toolchain/bin/../lib/gcc/avr/5.4.0/../../../../avr/lib/avr5\libc.a(sprintf.o)
                              lab6.o (sprintf)
c:/program files (x86)/atmel/studio/7.0/toolchain/avr8/avr8-gnu-toolchain/bin/../lib/gcc/avr/5.4.0/../../../../avr/lib/avr5\libc.a(vfprintf_std.o)
                              c:/program files (x86)/atmel/studio/7.0/toolchain/avr8/avr8-gnu-toolchain/bin/../lib/gcc/avr/5.4.0/../../../../avr/lib/avr5\libc.a(sprintf.o) (vfprintf)
c:/program files (x86)/atmel/studio/7.0/toolchain/avr8/avr8-gnu-toolchain/bin/../lib/gcc/avr/5.4.0/../../../../avr/lib/avr5\libc.a(strnlen_P.o)
                              c:/program files (x86)/atmel/studio/7.0/toolchain/avr8/avr8-gnu-toolchain/bin/../lib/gcc/avr/5.4.0/../../../../avr/lib/avr5\libc.a(vfprintf_std.o) (strnlen_P)
c:/program files (x86)/atmel/studio/7.0/toolchain/avr8/avr8-gnu-toolchain/bin/../lib/gcc/avr/5.4.0/../../../../avr/lib/avr5\libc.a(strnlen.o)
                              c:/program files (x86)/atmel/studio/7.0/toolchain/avr8/avr8-gnu-toolchain/bin/../lib/gcc/avr/5.4.0/../../../../avr/lib/avr5\libc.a(vfprintf_std.o) (strnlen)
c:/program files (x86)/atmel/studio/7.0/toolchain/avr8/avr8-gnu-toolchain/bin/../lib/gcc/avr/5.4.0/../../../../avr/lib/avr5\libc.a(fputc.o)
                              c:/program files (x86)/atmel/studio/7.0/toolchain/avr8/avr8-gnu-toolchain/bin/../lib/gcc/avr/5.4.0/../../../../avr/lib/avr5\libc.a(vfprintf_std.o) (fputc)
c:/program files (x86)/atmel/studio/7.0/toolchain/avr8/avr8-gnu-toolchain/bin/../lib/gcc/avr/5.4.0/../../../../avr/lib/avr5\libc.a(ultoa_invert.o)
                              c:/program files (x86)/atmel/studio/7.0/toolchain/avr8/avr8-gnu-toolchain/bin/../lib/gcc/avr/5.4.0/../../../../avr/lib/avr5\libc.a(vfprintf_std.o) (__ultoa_invert)
c:/program files (x86)/atmel/studio/7.0/toolchain/avr8/avr8-gnu-toolchain/bin/../lib/gcc/avr/5.4.0/avr5\libgcc.a(_prologue.o)
                              c:/program files (x86)/atmel/studio/7.0/toolchain/avr8/avr8-gnu-toolchain/bin/../lib/gcc/avr/5.4.0/../../../../avr/lib/avr5\libc.a(sprintf.o) (__prologue_saves__)
c:/program files (x86)/atmel/studio/7.0/toolchain/avr8/avr8-gnu-toolchain/bin/../lib/gcc/avr/5.4.0/avr5\libgcc.a(_epilogue.o)
                              c:/program files (x86)/atmel/studio/7.0/toolchain/avr8/avr8-gnu-toolchain/bin/../lib/gcc/avr/5.4.0/../../../../avr/lib/avr5\libc.a(sprintf.o) (__epilogue_restores__)

Allocating common symbols
Common symbol       size              file

motorspeed          0x2               motor/motor.o
next_state          0x1               lab6.o
temp_str            0x11              lab6.o
key                 0x4               lab6.o

Discarded input sections

 .data          0x00000000        0x0 C:/Program Files (x86)/Atmel/Studio/7.0/Packs/atmel/ATmega_DFP/1.2.150/gcc/dev/atmega32u4/avr5/crtatmega32u4.o
 .bss           0x00000000        0x0 C:/Program Files (x86)/Atmel/Studio/7.0/Packs/atmel/ATmega_DFP/1.2.150/gcc/dev/atmega32u4/avr5/crtatmega32u4.o
 .group         0x00000000        0x8 delay/delay.o
 .text          0x00000000        0x0 delay/delay.o
 .data          0x00000000        0x0 delay/delay.o
 .bss           0x00000000        0x0 delay/delay.o
 .debug_info    0x00000000       0x21 delay/delay.o
 .debug_abbrev  0x00000000       0x13 delay/delay.o
 .debug_aranges
                0x00000000       0x18 delay/delay.o
 .debug_macro   0x00000000       0x11 delay/delay.o
 .debug_macro   0x00000000      0xa4e delay/delay.o
 .debug_line    0x00000000       0x2e delay/delay.o
 .debug_str     0x00000000     0x2b26 delay/delay.o
 .comment       0x00000000       0x31 delay/delay.o
 .data          0x00000000        0x0 delay/delay_asm.o
 .bss           0x00000000        0x0 delay/delay_asm.o
 .group         0x00000000        0x8 hmi/hmi.o
 .group         0x00000000        0x8 hmi/hmi.o
 .group         0x00000000        0x8 hmi/hmi.o
 .group         0x00000000        0x8 hmi/hmi.o
 .group         0x00000000        0x8 hmi/hmi.o
 .group         0x00000000        0x8 hmi/hmi.o
 .group         0x00000000        0x8 hmi/hmi.o
 .text          0x00000000        0x0 hmi/hmi.o
 .data          0x00000000        0x0 hmi/hmi.o
 .bss           0x00000000        0x0 hmi/hmi.o
 .text.input_int
                0x00000000      0x106 hmi/hmi.o
 .debug_macro   0x00000000      0xa4e hmi/hmi.o
 .group         0x00000000        0x8 lab6.o
 .group         0x00000000        0x8 lab6.o
 .group         0x00000000        0x8 lab6.o
 .group         0x00000000        0x8 lab6.o
 .group         0x00000000        0x8 lab6.o
 .group         0x00000000        0x8 lab6.o
 .group         0x00000000        0x8 lab6.o
 .group         0x00000000        0x8 lab6.o
 .group         0x00000000        0x8 lab6.o
 .text          0x00000000        0x0 lab6.o
 .data          0x00000000        0x0 lab6.o
 .bss           0x00000000        0x0 lab6.o
 .debug_macro   0x00000000      0xa4e lab6.o
 .debug_macro   0x00000000      0x1c9 lab6.o
 .debug_macro   0x00000000      0x2fc lab6.o
 .debug_macro   0x00000000       0x97 lab6.o
 .debug_macro   0x00000000       0x10 lab6.o
 .group         0x00000000        0x8 lcd/lcd.o
 .group         0x00000000        0x8 lcd/lcd.o
 .group         0x00000000        0x8 lcd/lcd.o
 .group         0x00000000        0x8 lcd/lcd.o
 .group         0x00000000        0x8 lcd/lcd.o
 .group         0x00000000        0x8 lcd/lcd.o
 .group         0x00000000        0x8 lcd/lcd.o
 .group         0x00000000        0x8 lcd/lcd.o
 .group         0x00000000        0x8 lcd/lcd.o
 .group         0x00000000        0x8 lcd/lcd.o
 .group         0x00000000        0x8 lcd/lcd.o
 .group         0x00000000        0x8 lcd/lcd.o
 .text          0x00000000        0x0 lcd/lcd.o
 .data          0x00000000        0x0 lcd/lcd.o
 .bss           0x00000000        0x0 lcd/lcd.o
 .debug_macro   0x00000000      0xa4e lcd/lcd.o
 .debug_macro   0x00000000      0x1c9 lcd/lcd.o
 .debug_macro   0x00000000      0x2fc lcd/lcd.o
 .debug_macro   0x00000000       0x1c lcd/lcd.o
 .group         0x00000000        0x8 motor/motor.o
 .group         0x00000000        0x8 motor/motor.o
 .group         0x00000000        0x8 motor/motor.o
 .group         0x00000000        0x8 motor/motor.o
 .group         0x00000000        0x8 motor/motor.o
 .group         0x00000000        0x8 motor/motor.o
 .group         0x00000000        0x8 motor/motor.o
 .group         0x00000000        0x8 motor/motor.o
 .group         0x00000000        0x8 motor/motor.o
 .group         0x00000000        0x8 motor/motor.o
 .group         0x00000000        0x8 motor/motor.o
 .group         0x00000000        0x8 motor/motor.o
 .text          0x00000000        0x0 motor/motor.o
 .data          0x00000000        0x0 motor/motor.o
 .bss           0x00000000        0x0 motor/motor.o
 .text.getSpeed
                0x00000000        0xa motor/motor.o
 .debug_macro   0x00000000      0xa4e motor/motor.o
 .debug_macro   0x00000000       0x10 motor/motor.o
 .debug_macro   0x00000000      0x1c9 motor/motor.o
 .debug_macro   0x00000000      0x2fc motor/motor.o
 .debug_macro   0x00000000       0x9e motor/motor.o
 .debug_macro   0x00000000     0x208b motor/motor.o
 .debug_macro   0x00000000      0x14f motor/motor.o
 .debug_macro   0x00000000       0xd9 motor/motor.o
 .debug_macro   0x00000000       0x34 motor/motor.o
 .debug_macro   0x00000000       0x18 motor/motor.o
 .debug_macro   0x00000000       0x6c motor/motor.o
 .debug_macro   0x00000000       0x1c motor/motor.o
 .group         0x00000000        0x8 numkey/numkey.o
 .group         0x00000000        0x8 numkey/numkey.o
 .group         0x00000000        0x8 numkey/numkey.o
 .group         0x00000000        0x8 numkey/numkey.o
 .group         0x00000000        0x8 numkey/numkey.o
 .group         0x00000000        0x8 numkey/numkey.o
 .group         0x00000000        0x8 numkey/numkey.o
 .group         0x00000000        0x8 numkey/numkey.o
 .group         0x00000000        0x8 numkey/numkey.o
 .group         0x00000000        0x8 numkey/numkey.o
 .group         0x00000000        0x8 numkey/numkey.o
 .group         0x00000000        0x8 numkey/numkey.o
 .group         0x00000000        0x8 numkey/numkey.o
 .text          0x00000000        0x0 numkey/numkey.o
 .data          0x00000000        0x0 numkey/numkey.o
 .bss           0x00000000        0x0 numkey/numkey.o
 .debug_macro   0x00000000      0xa4e numkey/numkey.o
 .debug_macro   0x00000000       0x10 numkey/numkey.o
 .debug_macro   0x00000000      0x1c9 numkey/numkey.o
 .debug_macro   0x00000000      0x2fc numkey/numkey.o
 .debug_macro   0x00000000       0x9e numkey/numkey.o
 .debug_macro   0x00000000     0x208b numkey/numkey.o
 .debug_macro   0x00000000      0x14f numkey/numkey.o
 .debug_macro   0x00000000       0xd9 numkey/numkey.o
 .debug_macro   0x00000000       0x34 numkey/numkey.o
 .debug_macro   0x00000000       0x18 numkey/numkey.o
 .debug_macro   0x00000000       0x6c numkey/numkey.o
 .debug_macro   0x00000000       0x10 numkey/numkey.o
 .debug_macro   0x00000000       0x1c numkey/numkey.o
 .group         0x00000000        0x8 regulator/regulator.o
 .group         0x00000000        0x8 regulator/regulator.o
 .group         0x00000000        0x8 regulator/regulator.o
 .group         0x00000000        0x8 regulator/regulator.o
 .group         0x00000000        0x8 regulator/regulator.o
 .group         0x00000000        0x8 regulator/regulator.o
 .group         0x00000000        0x8 regulator/regulator.o
 .group         0x00000000        0x8 regulator/regulator.o
 .group         0x00000000        0x8 regulator/regulator.o
 .group         0x00000000        0x8 regulator/regulator.o
 .group         0x00000000        0x8 regulator/regulator.o
 .group         0x00000000        0x8 regulator/regulator.o
 .text          0x00000000        0x0 regulator/regulator.o
 .data          0x00000000        0x0 regulator/regulator.o
 .bss           0x00000000        0x0 regulator/regulator.o
 .text.getpot   0x00000000        0xa regulator/regulator.o
 .debug_macro   0x00000000      0xa4e regulator/regulator.o
 .debug_macro   0x00000000       0x10 regulator/regulator.o
 .debug_macro   0x00000000      0x1c9 regulator/regulator.o
 .debug_macro   0x00000000      0x2fc regulator/regulator.o
 .debug_macro   0x00000000       0x9e regulator/regulator.o
 .debug_macro   0x00000000     0x208b regulator/regulator.o
 .debug_macro   0x00000000      0x14f regulator/regulator.o
 .debug_macro   0x00000000       0xd9 regulator/regulator.o
 .debug_macro   0x00000000       0x34 regulator/regulator.o
 .debug_macro   0x00000000       0x18 regulator/regulator.o
 .debug_macro   0x00000000       0x6c regulator/regulator.o
 .text          0x00000000        0x0 c:/program files (x86)/atmel/studio/7.0/toolchain/avr8/avr8-gnu-toolchain/bin/../lib/gcc/avr/5.4.0/avr5\libgcc.a(_exit.o)
 .data          0x00000000        0x0 c:/program files (x86)/atmel/studio/7.0/toolchain/avr8/avr8-gnu-toolchain/bin/../lib/gcc/avr/5.4.0/avr5\libgcc.a(_exit.o)
 .bss           0x00000000        0x0 c:/program files (x86)/atmel/studio/7.0/toolchain/avr8/avr8-gnu-toolchain/bin/../lib/gcc/avr/5.4.0/avr5\libgcc.a(_exit.o)
 .text.libgcc.mul
                0x00000000        0x0 c:/program files (x86)/atmel/studio/7.0/toolchain/avr8/avr8-gnu-toolchain/bin/../lib/gcc/avr/5.4.0/avr5\libgcc.a(_exit.o)
 .text.libgcc.div
                0x00000000        0x0 c:/program files (x86)/atmel/studio/7.0/toolchain/avr8/avr8-gnu-toolchain/bin/../lib/gcc/avr/5.4.0/avr5\libgcc.a(_exit.o)
 .text.libgcc   0x00000000        0x0 c:/program files (x86)/atmel/studio/7.0/toolchain/avr8/avr8-gnu-toolchain/bin/../lib/gcc/avr/5.4.0/avr5\libgcc.a(_exit.o)
 .text.libgcc.prologue
                0x00000000        0x0 c:/program files (x86)/atmel/studio/7.0/toolchain/avr8/avr8-gnu-toolchain/bin/../lib/gcc/avr/5.4.0/avr5\libgcc.a(_exit.o)
 .text.libgcc.builtins
                0x00000000        0x0 c:/program files (x86)/atmel/studio/7.0/toolchain/avr8/avr8-gnu-toolchain/bin/../lib/gcc/avr/5.4.0/avr5\libgcc.a(_exit.o)
 .text.libgcc.fmul
                0x00000000        0x0 c:/program files (x86)/atmel/studio/7.0/toolchain/avr8/avr8-gnu-toolchain/bin/../lib/gcc/avr/5.4.0/avr5\libgcc.a(_exit.o)
 .text.libgcc.fixed
                0x00000000        0x0 c:/program files (x86)/atmel/studio/7.0/toolchain/avr8/avr8-gnu-toolchain/bin/../lib/gcc/avr/5.4.0/avr5\libgcc.a(_exit.o)
 .text          0x00000000        0x0 c:/program files (x86)/atmel/studio/7.0/toolchain/avr8/avr8-gnu-toolchain/bin/../lib/gcc/avr/5.4.0/avr5\libgcc.a(_copy_data.o)
 .data          0x00000000        0x0 c:/program files (x86)/atmel/studio/7.0/toolchain/avr8/avr8-gnu-toolchain/bin/../lib/gcc/avr/5.4.0/avr5\libgcc.a(_copy_data.o)
 .bss           0x00000000        0x0 c:/program files (x86)/atmel/studio/7.0/toolchain/avr8/avr8-gnu-toolchain/bin/../lib/gcc/avr/5.4.0/avr5\libgcc.a(_copy_data.o)
 .text.libgcc.mul
                0x00000000        0x0 c:/program files (x86)/atmel/studio/7.0/toolchain/avr8/avr8-gnu-toolchain/bin/../lib/gcc/avr/5.4.0/avr5\libgcc.a(_copy_data.o)
 .text.libgcc.div
                0x00000000        0x0 c:/program files (x86)/atmel/studio/7.0/toolchain/avr8/avr8-gnu-toolchain/bin/../lib/gcc/avr/5.4.0/avr5\libgcc.a(_copy_data.o)
 .text.libgcc   0x00000000        0x0 c:/program files (x86)/atmel/studio/7.0/toolchain/avr8/avr8-gnu-toolchain/bin/../lib/gcc/avr/5.4.0/avr5\libgcc.a(_copy_data.o)
 .text.libgcc.prologue
                0x00000000        0x0 c:/program files (x86)/atmel/studio/7.0/toolchain/avr8/avr8-gnu-toolchain/bin/../lib/gcc/avr/5.4.0/avr5\libgcc.a(_copy_data.o)
 .text.libgcc.builtins
                0x00000000        0x0 c:/program files (x86)/atmel/studio/7.0/toolchain/avr8/avr8-gnu-toolchain/bin/../lib/gcc/avr/5.4.0/avr5\libgcc.a(_copy_data.o)
 .text.libgcc.fmul
                0x00000000        0x0 c:/program files (x86)/atmel/studio/7.0/toolchain/avr8/avr8-gnu-toolchain/bin/../lib/gcc/avr/5.4.0/avr5\libgcc.a(_copy_data.o)
 .text.libgcc.fixed
                0x00000000        0x0 c:/program files (x86)/atmel/studio/7.0/toolchain/avr8/avr8-gnu-toolchain/bin/../lib/gcc/avr/5.4.0/avr5\libgcc.a(_copy_data.o)
 .text          0x00000000        0x0 c:/program files (x86)/atmel/studio/7.0/toolchain/avr8/avr8-gnu-toolchain/bin/../lib/gcc/avr/5.4.0/avr5\libgcc.a(_clear_bss.o)
 .data          0x00000000        0x0 c:/program files (x86)/atmel/studio/7.0/toolchain/avr8/avr8-gnu-toolchain/bin/../lib/gcc/avr/5.4.0/avr5\libgcc.a(_clear_bss.o)
 .bss           0x00000000        0x0 c:/program files (x86)/atmel/studio/7.0/toolchain/avr8/avr8-gnu-toolchain/bin/../lib/gcc/avr/5.4.0/avr5\libgcc.a(_clear_bss.o)
 .text.libgcc.mul
                0x00000000        0x0 c:/program files (x86)/atmel/studio/7.0/toolchain/avr8/avr8-gnu-toolchain/bin/../lib/gcc/avr/5.4.0/avr5\libgcc.a(_clear_bss.o)
 .text.libgcc.div
                0x00000000        0x0 c:/program files (x86)/atmel/studio/7.0/toolchain/avr8/avr8-gnu-toolchain/bin/../lib/gcc/avr/5.4.0/avr5\libgcc.a(_clear_bss.o)
 .text.libgcc   0x00000000        0x0 c:/program files (x86)/atmel/studio/7.0/toolchain/avr8/avr8-gnu-toolchain/bin/../lib/gcc/avr/5.4.0/avr5\libgcc.a(_clear_bss.o)
 .text.libgcc.prologue
                0x00000000        0x0 c:/program files (x86)/atmel/studio/7.0/toolchain/avr8/avr8-gnu-toolchain/bin/../lib/gcc/avr/5.4.0/avr5\libgcc.a(_clear_bss.o)
 .text.libgcc.builtins
                0x00000000        0x0 c:/program files (x86)/atmel/studio/7.0/toolchain/avr8/avr8-gnu-toolchain/bin/../lib/gcc/avr/5.4.0/avr5\libgcc.a(_clear_bss.o)
 .text.libgcc.fmul
                0x00000000        0x0 c:/program files (x86)/atmel/studio/7.0/toolchain/avr8/avr8-gnu-toolchain/bin/../lib/gcc/avr/5.4.0/avr5\libgcc.a(_clear_bss.o)
 .text.libgcc.fixed
                0x00000000        0x0 c:/program files (x86)/atmel/studio/7.0/toolchain/avr8/avr8-gnu-toolchain/bin/../lib/gcc/avr/5.4.0/avr5\libgcc.a(_clear_bss.o)
 .text          0x00000000        0x0 c:/program files (x86)/atmel/studio/7.0/toolchain/avr8/avr8-gnu-toolchain/bin/../lib/gcc/avr/5.4.0/avr5\libgcc.a(_umulhisi3.o)
 .data          0x00000000        0x0 c:/program files (x86)/atmel/studio/7.0/toolchain/avr8/avr8-gnu-toolchain/bin/../lib/gcc/avr/5.4.0/avr5\libgcc.a(_umulhisi3.o)
 .bss           0x00000000        0x0 c:/program files (x86)/atmel/studio/7.0/toolchain/avr8/avr8-gnu-toolchain/bin/../lib/gcc/avr/5.4.0/avr5\libgcc.a(_umulhisi3.o)
 .text.libgcc.div
                0x00000000        0x0 c:/program files (x86)/atmel/studio/7.0/toolchain/avr8/avr8-gnu-toolchain/bin/../lib/gcc/avr/5.4.0/avr5\libgcc.a(_umulhisi3.o)
 .text.libgcc   0x00000000        0x0 c:/program files (x86)/atmel/studio/7.0/toolchain/avr8/avr8-gnu-toolchain/bin/../lib/gcc/avr/5.4.0/avr5\libgcc.a(_umulhisi3.o)
 .text.libgcc.prologue
                0x00000000        0x0 c:/program files (x86)/atmel/studio/7.0/toolchain/avr8/avr8-gnu-toolchain/bin/../lib/gcc/avr/5.4.0/avr5\libgcc.a(_umulhisi3.o)
 .text.libgcc.builtins
                0x00000000        0x0 c:/program files (x86)/atmel/studio/7.0/toolchain/avr8/avr8-gnu-toolchain/bin/../lib/gcc/avr/5.4.0/avr5\libgcc.a(_umulhisi3.o)
 .text.libgcc.fmul
                0x00000000        0x0 c:/program files (x86)/atmel/studio/7.0/toolchain/avr8/avr8-gnu-toolchain/bin/../lib/gcc/avr/5.4.0/avr5\libgcc.a(_umulhisi3.o)
 .text.libgcc.fixed
                0x00000000        0x0 c:/program files (x86)/atmel/studio/7.0/toolchain/avr8/avr8-gnu-toolchain/bin/../lib/gcc/avr/5.4.0/avr5\libgcc.a(_umulhisi3.o)
 .text          0x00000000        0x0 c:/program files (x86)/atmel/studio/7.0/toolchain/avr8/avr8-gnu-toolchain/bin/../lib/gcc/avr/5.4.0/../../../../avr/lib/avr5\libc.a(sprintf.o)
 .data          0x00000000        0x0 c:/program files (x86)/atmel/studio/7.0/toolchain/avr8/avr8-gnu-toolchain/bin/../lib/gcc/avr/5.4.0/../../../../avr/lib/avr5\libc.a(sprintf.o)
 .bss           0x00000000        0x0 c:/program files (x86)/atmel/studio/7.0/toolchain/avr8/avr8-gnu-toolchain/bin/../lib/gcc/avr/5.4.0/../../../../avr/lib/avr5\libc.a(sprintf.o)
 .text          0x00000000        0x0 c:/program files (x86)/atmel/studio/7.0/toolchain/avr8/avr8-gnu-toolchain/bin/../lib/gcc/avr/5.4.0/../../../../avr/lib/avr5\libc.a(vfprintf_std.o)
 .data          0x00000000        0x0 c:/program files (x86)/atmel/studio/7.0/toolchain/avr8/avr8-gnu-toolchain/bin/../lib/gcc/avr/5.4.0/../../../../avr/lib/avr5\libc.a(vfprintf_std.o)
 .bss           0x00000000        0x0 c:/program files (x86)/atmel/studio/7.0/toolchain/avr8/avr8-gnu-toolchain/bin/../lib/gcc/avr/5.4.0/../../../../avr/lib/avr5\libc.a(vfprintf_std.o)
 .text          0x00000000        0x0 c:/program files (x86)/atmel/studio/7.0/toolchain/avr8/avr8-gnu-toolchain/bin/../lib/gcc/avr/5.4.0/../../../../avr/lib/avr5\libc.a(strnlen_P.o)
 .data          0x00000000        0x0 c:/program files (x86)/atmel/studio/7.0/toolchain/avr8/avr8-gnu-toolchain/bin/../lib/gcc/avr/5.4.0/../../../../avr/lib/avr5\libc.a(strnlen_P.o)
 .bss           0x00000000        0x0 c:/program files (x86)/atmel/studio/7.0/toolchain/avr8/avr8-gnu-toolchain/bin/../lib/gcc/avr/5.4.0/../../../../avr/lib/avr5\libc.a(strnlen_P.o)
 .text          0x00000000        0x0 c:/program files (x86)/atmel/studio/7.0/toolchain/avr8/avr8-gnu-toolchain/bin/../lib/gcc/avr/5.4.0/../../../../avr/lib/avr5\libc.a(strnlen.o)
 .data          0x00000000        0x0 c:/program files (x86)/atmel/studio/7.0/toolchain/avr8/avr8-gnu-toolchain/bin/../lib/gcc/avr/5.4.0/../../../../avr/lib/avr5\libc.a(strnlen.o)
 .bss           0x00000000        0x0 c:/program files (x86)/atmel/studio/7.0/toolchain/avr8/avr8-gnu-toolchain/bin/../lib/gcc/avr/5.4.0/../../../../avr/lib/avr5\libc.a(strnlen.o)
 .text          0x00000000        0x0 c:/program files (x86)/atmel/studio/7.0/toolchain/avr8/avr8-gnu-toolchain/bin/../lib/gcc/avr/5.4.0/../../../../avr/lib/avr5\libc.a(fputc.o)
 .data          0x00000000        0x0 c:/program files (x86)/atmel/studio/7.0/toolchain/avr8/avr8-gnu-toolchain/bin/../lib/gcc/avr/5.4.0/../../../../avr/lib/avr5\libc.a(fputc.o)
 .bss           0x00000000        0x0 c:/program files (x86)/atmel/studio/7.0/toolchain/avr8/avr8-gnu-toolchain/bin/../lib/gcc/avr/5.4.0/../../../../avr/lib/avr5\libc.a(fputc.o)
 .text          0x00000000        0x0 c:/program files (x86)/atmel/studio/7.0/toolchain/avr8/avr8-gnu-toolchain/bin/../lib/gcc/avr/5.4.0/../../../../avr/lib/avr5\libc.a(ultoa_invert.o)
 .data          0x00000000        0x0 c:/program files (x86)/atmel/studio/7.0/toolchain/avr8/avr8-gnu-toolchain/bin/../lib/gcc/avr/5.4.0/../../../../avr/lib/avr5\libc.a(ultoa_invert.o)
 .bss           0x00000000        0x0 c:/program files (x86)/atmel/studio/7.0/toolchain/avr8/avr8-gnu-toolchain/bin/../lib/gcc/avr/5.4.0/../../../../avr/lib/avr5\libc.a(ultoa_invert.o)
 .text          0x00000000        0x0 c:/program files (x86)/atmel/studio/7.0/toolchain/avr8/avr8-gnu-toolchain/bin/../lib/gcc/avr/5.4.0/avr5\libgcc.a(_prologue.o)
 .data          0x00000000        0x0 c:/program files (x86)/atmel/studio/7.0/toolchain/avr8/avr8-gnu-toolchain/bin/../lib/gcc/avr/5.4.0/avr5\libgcc.a(_prologue.o)
 .bss           0x00000000        0x0 c:/program files (x86)/atmel/studio/7.0/toolchain/avr8/avr8-gnu-toolchain/bin/../lib/gcc/avr/5.4.0/avr5\libgcc.a(_prologue.o)
 .text.libgcc.mul
                0x00000000        0x0 c:/program files (x86)/atmel/studio/7.0/toolchain/avr8/avr8-gnu-toolchain/bin/../lib/gcc/avr/5.4.0/avr5\libgcc.a(_prologue.o)
 .text.libgcc.div
                0x00000000        0x0 c:/program files (x86)/atmel/studio/7.0/toolchain/avr8/avr8-gnu-toolchain/bin/../lib/gcc/avr/5.4.0/avr5\libgcc.a(_prologue.o)
 .text.libgcc   0x00000000        0x0 c:/program files (x86)/atmel/studio/7.0/toolchain/avr8/avr8-gnu-toolchain/bin/../lib/gcc/avr/5.4.0/avr5\libgcc.a(_prologue.o)
 .text.libgcc.builtins
                0x00000000        0x0 c:/program files (x86)/atmel/studio/7.0/toolchain/avr8/avr8-gnu-toolchain/bin/../lib/gcc/avr/5.4.0/avr5\libgcc.a(_prologue.o)
 .text.libgcc.fmul
                0x00000000        0x0 c:/program files (x86)/atmel/studio/7.0/toolchain/avr8/avr8-gnu-toolchain/bin/../lib/gcc/avr/5.4.0/avr5\libgcc.a(_prologue.o)
 .text.libgcc.fixed
                0x00000000        0x0 c:/program files (x86)/atmel/studio/7.0/toolchain/avr8/avr8-gnu-toolchain/bin/../lib/gcc/avr/5.4.0/avr5\libgcc.a(_prologue.o)
 .text          0x00000000        0x0 c:/program files (x86)/atmel/studio/7.0/toolchain/avr8/avr8-gnu-toolchain/bin/../lib/gcc/avr/5.4.0/avr5\libgcc.a(_epilogue.o)
 .data          0x00000000        0x0 c:/program files (x86)/atmel/studio/7.0/toolchain/avr8/avr8-gnu-toolchain/bin/../lib/gcc/avr/5.4.0/avr5\libgcc.a(_epilogue.o)
 .bss           0x00000000        0x0 c:/program files (x86)/atmel/studio/7.0/toolchain/avr8/avr8-gnu-toolchain/bin/../lib/gcc/avr/5.4.0/avr5\libgcc.a(_epilogue.o)
 .text.libgcc.mul
                0x00000000        0x0 c:/program files (x86)/atmel/studio/7.0/toolchain/avr8/avr8-gnu-toolchain/bin/../lib/gcc/avr/5.4.0/avr5\libgcc.a(_epilogue.o)
 .text.libgcc.div
                0x00000000        0x0 c:/program files (x86)/atmel/studio/7.0/toolchain/avr8/avr8-gnu-toolchain/bin/../lib/gcc/avr/5.4.0/avr5\libgcc.a(_epilogue.o)
 .text.libgcc   0x00000000        0x0 c:/program files (x86)/atmel/studio/7.0/toolchain/avr8/avr8-gnu-toolchain/bin/../lib/gcc/avr/5.4.0/avr5\libgcc.a(_epilogue.o)
 .text.libgcc.builtins
                0x00000000        0x0 c:/program files (x86)/atmel/studio/7.0/toolchain/avr8/avr8-gnu-toolchain/bin/../lib/gcc/avr/5.4.0/avr5\libgcc.a(_epilogue.o)
 .text.libgcc.fmul
                0x00000000        0x0 c:/program files (x86)/atmel/studio/7.0/toolchain/avr8/avr8-gnu-toolchain/bin/../lib/gcc/avr/5.4.0/avr5\libgcc.a(_epilogue.o)
 .text.libgcc.fixed
                0x00000000        0x0 c:/program files (x86)/atmel/studio/7.0/toolchain/avr8/avr8-gnu-toolchain/bin/../lib/gcc/avr/5.4.0/avr5\libgcc.a(_epilogue.o)

Memory Configuration

Name             Origin             Length             Attributes
text             0x00000000         0x00020000         xr
data             0x00800060         0x0000ffa0         rw !x
eeprom           0x00810000         0x00010000         rw !x
fuse             0x00820000         0x00000003         rw !x
lock             0x00830000         0x00000400         rw !x
signature        0x00840000         0x00000400         rw !x
user_signatures  0x00850000         0x00000400         rw !x
*default*        0x00000000         0xffffffff

Linker script and memory map

Address of section .data set to 0x800100
LOAD C:/Program Files (x86)/Atmel/Studio/7.0/Packs/atmel/ATmega_DFP/1.2.150/gcc/dev/atmega32u4/avr5/crtatmega32u4.o
LOAD delay/delay.o
LOAD delay/delay_asm.o
LOAD hmi/hmi.o
LOAD lab6.o
LOAD lcd/lcd.o
LOAD motor/motor.o
LOAD numkey/numkey.o
LOAD regulator/regulator.o
START GROUP
LOAD c:/program files (x86)/atmel/studio/7.0/toolchain/avr8/avr8-gnu-toolchain/bin/../lib/gcc/avr/5.4.0/../../../../avr/lib/avr5\libm.a
END GROUP
START GROUP
LOAD c:/program files (x86)/atmel/studio/7.0/toolchain/avr8/avr8-gnu-toolchain/bin/../lib/gcc/avr/5.4.0/avr5\libgcc.a
LOAD c:/program files (x86)/atmel/studio/7.0/toolchain/avr8/avr8-gnu-toolchain/bin/../lib/gcc/avr/5.4.0/../../../../avr/lib/avr5\libm.a
LOAD c:/program files (x86)/atmel/studio/7.0/toolchain/avr8/avr8-gnu-toolchain/bin/../lib/gcc/avr/5.4.0/../../../../avr/lib/avr5\libc.a
LOAD C:/Program Files (x86)/Atmel/Studio/7.0/Packs/atmel/ATmega_DFP/1.2.150/gcc/dev/atmega32u4/avr5\libatmega32u4.a
END GROUP
                0x00020000                __TEXT_REGION_LENGTH__ = DEFINED (__TEXT_REGION_LENGTH__)?__TEXT_REGION_LENGTH__:0x20000
                0x0000ffa0                __DATA_REGION_LENGTH__ = DEFINED (__DATA_REGION_LENGTH__)?__DATA_REGION_LENGTH__:0xffa0
                0x00010000                __EEPROM_REGION_LENGTH__ = DEFINED (__EEPROM_REGION_LENGTH__)?__EEPROM_REGION_LENGTH__:0x10000
                [0x00000003]                __FUSE_REGION_LENGTH__ = DEFINED (__FUSE_REGION_LENGTH__)?__FUSE_REGION_LENGTH__:0x400
                0x00000400                __LOCK_REGION_LENGTH__ = DEFINED (__LOCK_REGION_LENGTH__)?__LOCK_REGION_LENGTH__:0x400
                0x00000400                __SIGNATURE_REGION_LENGTH__ = DEFINED (__SIGNATURE_REGION_LENGTH__)?__SIGNATURE_REGION_LENGTH__:0x400
                0x00000400                __USER_SIGNATURE_REGION_LENGTH__ = DEFINED (__USER_SIGNATURE_REGION_LENGTH__)?__USER_SIGNATURE_REGION_LENGTH__:0x400

.hash
 *(.hash)

.dynsym
 *(.dynsym)

.dynstr
 *(.dynstr)

.gnu.version
 *(.gnu.version)

.gnu.version_d
 *(.gnu.version_d)

.gnu.version_r
 *(.gnu.version_r)

.rel.init
 *(.rel.init)

.rela.init
 *(.rela.init)

.rel.text
 *(.rel.text)
 *(.rel.text.*)
 *(.rel.gnu.linkonce.t*)

.rela.text
 *(.rela.text)
 *(.rela.text.*)
 *(.rela.gnu.linkonce.t*)

.rel.fini
 *(.rel.fini)

.rela.fini
 *(.rela.fini)

.rel.rodata
 *(.rel.rodata)
 *(.rel.rodata.*)
 *(.rel.gnu.linkonce.r*)

.rela.rodata
 *(.rela.rodata)
 *(.rela.rodata.*)
 *(.rela.gnu.linkonce.r*)

.rel.data
 *(.rel.data)
 *(.rel.data.*)
 *(.rel.gnu.linkonce.d*)

.rela.data
 *(.rela.data)
 *(.rela.data.*)
 *(.rela.gnu.linkonce.d*)

.rel.ctors
 *(.rel.ctors)

.rela.ctors
 *(.rela.ctors)

.rel.dtors
 *(.rel.dtors)

.rela.dtors
 *(.rela.dtors)

.rel.got
 *(.rel.got)

.rela.got
 *(.rela.got)

.rel.bss
 *(.rel.bss)

.rela.bss
 *(.rela.bss)

.rel.plt
 *(.rel.plt)

.rela.plt
 *(.rela.plt)

.text           0x00000000      0xb00
 *(.vectors)
 .vectors       0x00000000       0xac C:/Program Files (x86)/Atmel/Studio/7.0/Packs/atmel/ATmega_DFP/1.2.150/gcc/dev/atmega32u4/avr5/crtatmega32u4.o
                0x00000000                __vector_default
                0x00000000                __vectors
 *(.vectors)
 *(.progmem.gcc*)
                0x000000ac                . = ALIGN (0x2)
                0x000000ac                __trampolines_start = .
 *(.trampolines)
 .trampolines   0x000000ac        0x0 linker stubs
 *(.trampolines*)
                0x000000ac                __trampolines_end = .
 *libprintf_flt.a:*(.progmem.data)
 *libc.a:*(.progmem.data)
 *(.progmem*)
                0x000000ac                . = ALIGN (0x2)
 *(.jumptables)
 *(.jumptables*)
 *(.lowtext)
 *(.lowtext*)
                0x000000ac                __ctors_start = .
 *(.ctors)
                0x000000ac                __ctors_end = .
                0x000000ac                __dtors_start = .
 *(.dtors)
                0x000000ac                __dtors_end = .
 SORT(*)(.ctors)
 SORT(*)(.dtors)
 *(.init0)
 .init0         0x000000ac        0x0 C:/Program Files (x86)/Atmel/Studio/7.0/Packs/atmel/ATmega_DFP/1.2.150/gcc/dev/atmega32u4/avr5/crtatmega32u4.o
                0x000000ac                __init
 *(.init0)
 *(.init1)
 *(.init1)
 *(.init2)
 .init2         0x000000ac        0xc C:/Program Files (x86)/Atmel/Studio/7.0/Packs/atmel/ATmega_DFP/1.2.150/gcc/dev/atmega32u4/avr5/crtatmega32u4.o
 *(.init2)
 *(.init3)
 *(.init3)
 *(.init4)
 .init4         0x000000b8       0x16 c:/program files (x86)/atmel/studio/7.0/toolchain/avr8/avr8-gnu-toolchain/bin/../lib/gcc/avr/5.4.0/avr5\libgcc.a(_copy_data.o)
                0x000000b8                __do_copy_data
 .init4         0x000000ce       0x10 c:/program files (x86)/atmel/studio/7.0/toolchain/avr8/avr8-gnu-toolchain/bin/../lib/gcc/avr/5.4.0/avr5\libgcc.a(_clear_bss.o)
                0x000000ce                __do_clear_bss
 *(.init4)
 *(.init5)
 *(.init5)
 *(.init6)
 *(.init6)
 *(.init7)
 *(.init7)
 *(.init8)
 *(.init8)
 *(.init9)
 .init9         0x000000de        0x4 C:/Program Files (x86)/Atmel/Studio/7.0/Packs/atmel/ATmega_DFP/1.2.150/gcc/dev/atmega32u4/avr5/crtatmega32u4.o
 *(.init9)
 *(.text)
 .text          0x000000e2        0x2 C:/Program Files (x86)/Atmel/Studio/7.0/Packs/atmel/ATmega_DFP/1.2.150/gcc/dev/atmega32u4/avr5/crtatmega32u4.o
                0x000000e2                __vector_38
                0x000000e2                __vector_22
                0x000000e2                __vector_28
                0x000000e2                __vector_1
                0x000000e2                __vector_32
                0x000000e2                __vector_34
                0x000000e2                __vector_24
                0x000000e2                __vector_12
                0x000000e2                __bad_interrupt
                0x000000e2                __vector_6
                0x000000e2                __vector_31
                0x000000e2                __vector_35
                0x000000e2                __vector_39
                0x000000e2                __vector_3
                0x000000e2                __vector_23
                0x000000e2                __vector_30
                0x000000e2                __vector_25
                0x000000e2                __vector_11
                0x000000e2                __vector_13
                0x000000e2                __vector_17
                0x000000e2                __vector_19
                0x000000e2                __vector_7
                0x000000e2                __vector_41
                0x000000e2                __vector_27
                0x000000e2                __vector_5
                0x000000e2                __vector_33
                0x000000e2                __vector_37
                0x000000e2                __vector_4
                0x000000e2                __vector_9
                0x000000e2                __vector_2
                0x000000e2                __vector_21
                0x000000e2                __vector_15
                0x000000e2                __vector_36
                0x000000e2                __vector_40
                0x000000e2                __vector_8
                0x000000e2                __vector_26
                0x000000e2                __vector_14
                0x000000e2                __vector_10
                0x000000e2                __vector_16
                0x000000e2                __vector_18
                0x000000e2                __vector_20
                0x000000e2                __vector_42
 .text          0x000000e4       0x66 delay/delay_asm.o
                0x000000e4                delay_1_micros
                0x000000fe                delay_micros
                0x0000011e                delay_ms
                0x00000138                delay_1_s
                0x0000014a                . = ALIGN (0x2)
 *(.text.*)
 .text.hmi_init
                0x0000014a        0x6 hmi/hmi.o
                0x0000014a                hmi_init
 .text.output_msg
                0x00000150       0x38 hmi/hmi.o
                0x00000150                output_msg
 .text.main     0x00000188      0x182 lab6.o
                0x00000188                main
 .text.write_4bit_msb
                0x0000030a       0x1e lcd/lcd.o
 .text.lcd_write
                0x00000328       0x2e lcd/lcd.o
                0x00000328                lcd_write
 .text.lcd_clear
                0x00000356        0xc lcd/lcd.o
                0x00000356                lcd_clear
 .text.lcd_set_cursor_mode
                0x00000362        0xa lcd/lcd.o
                0x00000362                lcd_set_cursor_mode
 .text.lcd_init
                0x0000036c       0x48 lcd/lcd.o
                0x0000036c                lcd_init
 .text.lcd_set_cursor_pos
                0x000003b4       0x12 lcd/lcd.o
                0x000003b4                lcd_set_cursor_pos
 .text.lcd_write_str
                0x000003c6       0x20 lcd/lcd.o
                0x000003c6                lcd_write_str
 .text.motor_init
                0x000003e6       0x26 motor/motor.o
                0x000003e6                motor_init
 .text.motor_set_speed
                0x0000040c       0x2e motor/motor.o
                0x0000040c                motor_set_speed
 .text.numkey_init
                0x0000043a        0x8 numkey/numkey.o
                0x0000043a                numkey_init
 .text.numkey_read
                0x00000442       0x4a numkey/numkey.o
                0x00000442                numkey_read
 .text.__vector_29
                0x0000048c       0x3a regulator/regulator.o
                0x0000048c                __vector_29
 .text.regulator_init
                0x000004c6       0x40 regulator/regulator.o
                0x000004c6                regulator_init
 .text.getpotentval
                0x00000506       0x28 regulator/regulator.o
                0x00000506                getpotentval
 .text.libgcc.mul
                0x0000052e       0x1e c:/program files (x86)/atmel/studio/7.0/toolchain/avr8/avr8-gnu-toolchain/bin/../lib/gcc/avr/5.4.0/avr5\libgcc.a(_umulhisi3.o)
                0x0000052e                __umulhisi3
 .text.avr-libc
                0x0000054c       0x3e c:/program files (x86)/atmel/studio/7.0/toolchain/avr8/avr8-gnu-toolchain/bin/../lib/gcc/avr/5.4.0/../../../../avr/lib/avr5\libc.a(sprintf.o)
                0x0000054c                sprintf
 .text.avr-libc
                0x0000058a      0x3a4 c:/program files (x86)/atmel/studio/7.0/toolchain/avr8/avr8-gnu-toolchain/bin/../lib/gcc/avr/5.4.0/../../../../avr/lib/avr5\libc.a(vfprintf_std.o)
                0x0000058a                vfprintf
 .text.avr-libc
                0x0000092e       0x16 c:/program files (x86)/atmel/studio/7.0/toolchain/avr8/avr8-gnu-toolchain/bin/../lib/gcc/avr/5.4.0/../../../../avr/lib/avr5\libc.a(strnlen_P.o)
                0x0000092e                strnlen_P
 .text.avr-libc
                0x00000944       0x16 c:/program files (x86)/atmel/studio/7.0/toolchain/avr8/avr8-gnu-toolchain/bin/../lib/gcc/avr/5.4.0/../../../../avr/lib/avr5\libc.a(strnlen.o)
                0x00000944                strnlen
 .text.avr-libc
                0x0000095a       0x78 c:/program files (x86)/atmel/studio/7.0/toolchain/avr8/avr8-gnu-toolchain/bin/../lib/gcc/avr/5.4.0/../../../../avr/lib/avr5\libc.a(fputc.o)
                0x0000095a                fputc
 .text.avr-libc
                0x000009d2       0xbc c:/program files (x86)/atmel/studio/7.0/toolchain/avr8/avr8-gnu-toolchain/bin/../lib/gcc/avr/5.4.0/../../../../avr/lib/avr5\libc.a(ultoa_invert.o)
                0x000009d2                __ultoa_invert
 .text.libgcc.prologue
                0x00000a8e       0x38 c:/program files (x86)/atmel/studio/7.0/toolchain/avr8/avr8-gnu-toolchain/bin/../lib/gcc/avr/5.4.0/avr5\libgcc.a(_prologue.o)
                0x00000a8e                __prologue_saves__
 .text.libgcc.prologue
                0x00000ac6       0x36 c:/program files (x86)/atmel/studio/7.0/toolchain/avr8/avr8-gnu-toolchain/bin/../lib/gcc/avr/5.4.0/avr5\libgcc.a(_epilogue.o)
                0x00000ac6                __epilogue_restores__
                0x00000afc                . = ALIGN (0x2)
 *(.fini9)
 .fini9         0x00000afc        0x0 c:/program files (x86)/atmel/studio/7.0/toolchain/avr8/avr8-gnu-toolchain/bin/../lib/gcc/avr/5.4.0/avr5\libgcc.a(_exit.o)
                0x00000afc                _exit
                0x00000afc                exit
 *(.fini9)
 *(.fini8)
 *(.fini8)
 *(.fini7)
 *(.fini7)
 *(.fini6)
 *(.fini6)
 *(.fini5)
 *(.fini5)
 *(.fini4)
 *(.fini4)
 *(.fini3)
 *(.fini3)
 *(.fini2)
 *(.fini2)
 *(.fini1)
 *(.fini1)
 *(.fini0)
 .fini0         0x00000afc        0x4 c:/program files (x86)/atmel/studio/7.0/toolchain/avr8/avr8-gnu-toolchain/bin/../lib/gcc/avr/5.4.0/avr5\libgcc.a(_exit.o)
 *(.fini0)
                0x00000b00                _etext = .

.data           0x00800100       0x40 load address 0x00000b00
                0x00800100                PROVIDE (__data_start, .)
 *(.data)
 *(.data*)
 .data.adc      0x00800100        0x2 regulator/regulator.o
 *(.gnu.linkonce.d*)
 *(.rodata)
 *(.rodata*)
 .rodata.str1.1
                0x00800102       0x31 lab6.o
                                 0x32 (size before relaxing)
 .rodata.key_map
                0x00800133        0xc numkey/numkey.o
 *(.gnu.linkonce.r*)
                0x00800140                . = ALIGN (0x2)
 *fill*         0x0080013f        0x1 
                0x00800140                _edata = .
                0x00800140                PROVIDE (__data_end, .)

.bss            0x00800140       0x19
                0x00800140                PROVIDE (__bss_start, .)
 *(.bss)
 *(.bss*)
 .bss.current_state
                0x00800140        0x1 lab6.o
                0x00800140                current_state
 *(COMMON)
 COMMON         0x00800141       0x16 lab6.o
                0x00800141                next_state
                0x00800142                temp_str
                0x00800153                key
 COMMON         0x00800157        0x2 motor/motor.o
                0x00800157                motorspeed
                0x00800159                PROVIDE (__bss_end, .)
                0x00000b00                __data_load_start = LOADADDR (.data)
                0x00000b40                __data_load_end = (__data_load_start + SIZEOF (.data))

.noinit         0x00800159        0x0
                [!provide]                PROVIDE (__noinit_start, .)
 *(.noinit*)
                [!provide]                PROVIDE (__noinit_end, .)
                0x00800159                _end = .
                [!provide]                PROVIDE (__heap_start, .)

.eeprom         0x00810000        0x0
 *(.eeprom*)
                0x00810000                __eeprom_end = .

.fuse
 *(.fuse)
 *(.lfuse)
 *(.hfuse)
 *(.efuse)

.lock
 *(.lock*)

.signature
 *(.signature*)

.user_signatures
 *(.user_signatures*)

.stab
 *(.stab)

.stabstr
 *(.stabstr)

.stab.excl
 *(.stab.excl)

.stab.exclstr
 *(.stab.exclstr)

.stab.index
 *(.stab.index)

.stab.indexstr
 *(.stab.indexstr)

.comment        0x00000000       0x5c
 *(.comment)
 .comment       0x00000000       0x30 hmi/hmi.o
                                 0x31 (size before relaxing)
 .comment       0x00000030       0x31 lab6.o
 .comment       0x00000030       0x31 lcd/lcd.o
 .comment       0x00000030       0x31 motor/motor.o
 .comment       0x00000030       0x31 numkey/numkey.o
 .comment       0x00000030       0x31 regulator/regulator.o
 .comment       0x00000030       0x31 c:/program files (x86)/atmel/studio/7.0/toolchain/avr8/avr8-gnu-toolchain/bin/../lib/gcc/avr/5.4.0/../../../../avr/lib/avr5\libc.a(sprintf.o)
 .comment       0x00000030       0x2c c:/program files (x86)/atmel/studio/7.0/toolchain/avr8/avr8-gnu-toolchain/bin/../lib/gcc/avr/5.4.0/../../../../avr/lib/avr5\libc.a(vfprintf_std.o)
                                 0x2d (size before relaxing)
 .comment       0x0000005c       0x31 c:/program files (x86)/atmel/studio/7.0/toolchain/avr8/avr8-gnu-toolchain/bin/../lib/gcc/avr/5.4.0/../../../../avr/lib/avr5\libc.a(fputc.o)

.note.gnu.avr.deviceinfo
                0x00000000       0x40
 .note.gnu.avr.deviceinfo
                0x00000000       0x40 C:/Program Files (x86)/Atmel/Studio/7.0/Packs/atmel/ATmega_DFP/1.2.150/gcc/dev/atmega32u4/avr5/crtatmega32u4.o

.note.gnu.build-id
 *(.note.gnu.build-id)

.debug
 *(.debug)

.line
 *(.line)

.debug_srcinfo
 *(.debug_srcinfo)

.debug_sfnames
 *(.debug_sfnames)

.debug_aranges  0x00000000      0x150
 *(.debug_aranges)
 .debug_aranges
                0x00000000       0x20 delay/delay_asm.o
 .debug_aranges
                0x00000020       0x30 hmi/hmi.o
 .debug_aranges
                0x00000050       0x20 lab6.o
 .debug_aranges
                0x00000070       0x50 lcd/lcd.o
 .debug_aranges
                0x000000c0       0x30 motor/motor.o
 .debug_aranges
                0x000000f0       0x28 numkey/numkey.o
 .debug_aranges
                0x00000118       0x38 regulator/regulator.o

.debug_pubnames
 *(.debug_pubnames)

.debug_info     0x00000000     0x16c4
 *(.debug_info .gnu.linkonce.wi.*)
 .debug_info    0x00000000      0x9f4 C:/Program Files (x86)/Atmel/Studio/7.0/Packs/atmel/ATmega_DFP/1.2.150/gcc/dev/atmega32u4/avr5/crtatmega32u4.o
 .debug_info    0x000009f4       0x7e delay/delay_asm.o
 .debug_info    0x00000a72      0x449 hmi/hmi.o
 .debug_info    0x00000ebb      0x11c lab6.o
 .debug_info    0x00000fd7      0x3d4 lcd/lcd.o
 .debug_info    0x000013ab       0xe8 motor/motor.o
 .debug_info    0x00001493      0x108 numkey/numkey.o
 .debug_info    0x0000159b      0x129 regulator/regulator.o

.debug_abbrev   0x00000000      0xf35
 *(.debug_abbrev)
 .debug_abbrev  0x00000000      0x96a C:/Program Files (x86)/Atmel/Studio/7.0/Packs/atmel/ATmega_DFP/1.2.150/gcc/dev/atmega32u4/avr5/crtatmega32u4.o
 .debug_abbrev  0x0000096a       0x14 delay/delay_asm.o
 .debug_abbrev  0x0000097e      0x1a9 hmi/hmi.o
 .debug_abbrev  0x00000b27       0xa5 lab6.o
 .debug_abbrev  0x00000bcc      0x119 lcd/lcd.o
 .debug_abbrev  0x00000ce5       0xa8 motor/motor.o
 .debug_abbrev  0x00000d8d       0xd0 numkey/numkey.o
 .debug_abbrev  0x00000e5d       0xd8 regulator/regulator.o

.debug_line     0x00000000     0x144b
 *(.debug_line .debug_line.* .debug_line_end)
 .debug_line    0x00000000      0x199 C:/Program Files (x86)/Atmel/Studio/7.0/Packs/atmel/ATmega_DFP/1.2.150/gcc/dev/atmega32u4/avr5/crtatmega32u4.o
 .debug_line    0x00000199      0x16e delay/delay_asm.o
 .debug_line    0x00000307      0x2b6 hmi/hmi.o
 .debug_line    0x000005bd      0x2a0 lab6.o
 .debug_line    0x0000085d      0x396 lcd/lcd.o
 .debug_line    0x00000bf3      0x29c motor/motor.o
 .debug_line    0x00000e8f      0x2be numkey/numkey.o
 .debug_line    0x0000114d      0x2fe regulator/regulator.o

.debug_frame    0x00000000      0x290
 *(.debug_frame)
 .debug_frame   0x00000000       0x84 hmi/hmi.o
 .debug_frame   0x00000084       0x78 lab6.o
 .debug_frame   0x000000fc       0x98 lcd/lcd.o
 .debug_frame   0x00000194       0x44 motor/motor.o
 .debug_frame   0x000001d8       0x48 numkey/numkey.o
 .debug_frame   0x00000220       0x70 regulator/regulator.o

.debug_str      0x00000000     0x8f66
 *(.debug_str)
 .debug_str     0x00000000      0x371 C:/Program Files (x86)/Atmel/Studio/7.0/Packs/atmel/ATmega_DFP/1.2.150/gcc/dev/atmega32u4/avr5/crtatmega32u4.o
 .debug_str     0x00000371     0x3c65 hmi/hmi.o
                               0x3d0e (size before relaxing)
 .debug_str     0x00003fd6      0x614 lab6.o
                               0x3fca (size before relaxing)
 .debug_str     0x000045ea     0x4566 lcd/lcd.o
                               0x7fdb (size before relaxing)
 .debug_str     0x00008b50       0x40 motor/motor.o
                               0x7efb (size before relaxing)
 .debug_str     0x00008b90       0x1b numkey/numkey.o
                               0x7f22 (size before relaxing)
 .debug_str     0x00008bab      0x3bb regulator/regulator.o
                               0x819f (size before relaxing)

.debug_loc      0x00000000      0x866
 *(.debug_loc)
 .debug_loc     0x00000000      0x38b hmi/hmi.o
 .debug_loc     0x0000038b      0x174 lab6.o
 .debug_loc     0x000004ff      0x1f9 lcd/lcd.o
 .debug_loc     0x000006f8       0x21 motor/motor.o
 .debug_loc     0x00000719       0x80 numkey/numkey.o
 .debug_loc     0x00000799       0xcd regulator/regulator.o

.debug_macinfo
 *(.debug_macinfo)

.debug_weaknames
 *(.debug_weaknames)

.debug_funcnames
 *(.debug_funcnames)

.debug_typenames
 *(.debug_typenames)

.debug_varnames
 *(.debug_varnames)

.debug_pubtypes
 *(.debug_pubtypes)

.debug_ranges   0x00000000       0xd0
 *(.debug_ranges)
 .debug_ranges  0x00000000       0x20 hmi/hmi.o
 .debug_ranges  0x00000020       0x10 lab6.o
 .debug_ranges  0x00000030       0x40 lcd/lcd.o
 .debug_ranges  0x00000070       0x20 motor/motor.o
 .debug_ranges  0x00000090       0x18 numkey/numkey.o
 .debug_ranges  0x000000a8       0x28 regulator/regulator.o

.debug_macro    0x00000000     0x2f19
 *(.debug_macro)
 .debug_macro   0x00000000       0x71 hmi/hmi.o
 .debug_macro   0x00000071       0x16 hmi/hmi.o
 .debug_macro   0x00000087       0x97 hmi/hmi.o
 .debug_macro   0x0000011e       0x16 hmi/hmi.o
 .debug_macro   0x00000134      0x1c9 hmi/hmi.o
 .debug_macro   0x000002fd      0x2fc hmi/hmi.o
 .debug_macro   0x000005f9       0x10 hmi/hmi.o
 .debug_macro   0x00000609       0x9d lab6.o
 .debug_macro   0x000006a6       0x58 lab6.o
 .debug_macro   0x000006fe       0x10 lab6.o
 .debug_macro   0x0000070e       0xf2 lab6.o
 .debug_macro   0x00000800       0x1c lab6.o
 .debug_macro   0x0000081c       0xa4 lcd/lcd.o
 .debug_macro   0x000008c0       0x10 lcd/lcd.o
 .debug_macro   0x000008d0       0x9e lcd/lcd.o
 .debug_macro   0x0000096e     0x208b lcd/lcd.o
 .debug_macro   0x000029f9      0x14f lcd/lcd.o
 .debug_macro   0x00002b48       0xd9 lcd/lcd.o
 .debug_macro   0x00002c21       0x34 lcd/lcd.o
 .debug_macro   0x00002c55       0x18 lcd/lcd.o
 .debug_macro   0x00002c6d       0x6c lcd/lcd.o
 .debug_macro   0x00002cd9       0x9a motor/motor.o
 .debug_macro   0x00002d73       0xa3 numkey/numkey.o
 .debug_macro   0x00002e16       0x9a regulator/regulator.o
 .debug_macro   0x00002eb0       0x69 regulator/regulator.o
OUTPUT(lab6.elf elf32-avr)
LOAD linker stubs
